{"code":"(this[\"webpackJsonpcs-central\"]=this[\"webpackJsonpcs-central\"]||[]).push([[45],{531:function(t,e,s){\"use strict\";function m(t){t.languages.git={comment:/^#.*/m,deleted:/^[-\\u2013].*/m,inserted:/^\\+.*/m,string:/(\"|')(?:\\\\.|(?!\\1)[^\\\\\\r\\n])*\\1/m,command:{pattern:/^.*\\$ git .*$/m,inside:{parameter:/\\s--?\\w+/m}},coord:/^@@.*@@$/m,commit_sha1:/^commit \\w{40}$/m}}t.exports=m,m.displayName=\"git\",m.aliases=[]}}]);","name":"static/js/react-syntax-highlighter_languages_refractor_git.7c88639d.chunk.js","map":{"version":3,"sources":["static/js/react-syntax-highlighter_languages_refractor_git.7c88639d.chunk.js"],"names":["this","push","531","module","exports","__webpack_require__","git","Prism","languages","comment","deleted","inserted","string","command","pattern","inside","parameter","coord","commit_sha1","displayName","aliases"],"mappings":"CAACA,KAAK,0BAA4BA,KAAK,2BAA6B,IAAIC,KAAK,CAAC,CAAC,IAAI,CAE7EC,IACA,SAAUC,EAAQC,EAASC,GAEjC,aAOA,SAASC,EAAIC,GACXA,EAAMC,UAAUF,IAAM,CAUpBG,QAAS,QAKTC,QAAS,gBACTC,SAAU,SAKVC,OAAQ,mCAORC,QAAS,CACPC,QAAS,iBACTC,OAAQ,CAONC,UAAW,cAiBfC,MAAO,YAYPC,YAAa,oBAvEjBf,EAAOC,QAAUE,EACjBA,EAAIa,YAAc,MAClBb,EAAIc,QAAU"},"input":"(this[\"webpackJsonpcs-central\"] = this[\"webpackJsonpcs-central\"] || []).push([[45],{\n\n/***/ 531:\n/***/ (function(module, exports, __webpack_require__) {\n\n\"use strict\";\n\n\nmodule.exports = git;\ngit.displayName = 'git';\ngit.aliases = [];\n\nfunction git(Prism) {\n  Prism.languages.git = {\n    /*\n     * A simple one line comment like in a git status command\n     * For instance:\n     * $ git status\n     * # On branch infinite-scroll\n     * # Your branch and 'origin/sharedBranches/frontendTeam/infinite-scroll' have diverged,\n     * # and have 1 and 2 different commits each, respectively.\n     * nothing to commit (working directory clean)\n     */\n    comment: /^#.*/m,\n\n    /*\n     * Regexp to match the changed lines in a git diff output. Check the example below.\n     */\n    deleted: /^[-–].*/m,\n    inserted: /^\\+.*/m,\n\n    /*\n     * a string (double and simple quote)\n     */\n    string: /(\"|')(?:\\\\.|(?!\\1)[^\\\\\\r\\n])*\\1/m,\n\n    /*\n     * a git command. It starts with a random prompt finishing by a $, then \"git\" then some other parameters\n     * For instance:\n     * $ git add file.txt\n     */\n    command: {\n      pattern: /^.*\\$ git .*$/m,\n      inside: {\n        /*\n         * A git command can contain a parameter starting by a single or a double dash followed by a string\n         * For instance:\n         * $ git diff --cached\n         * $ git log -p\n         */\n        parameter: /\\s--?\\w+/m\n      }\n    },\n\n    /*\n     * Coordinates displayed in a git diff command\n     * For instance:\n     * $ git diff\n     * diff --git file.txt file.txt\n     * index 6214953..1d54a52 100644\n     * --- file.txt\n     * +++ file.txt\n     * @@ -1 +1,2 @@\n     * -Here's my tetx file\n     * +Here's my text file\n     * +And this is the second line\n     */\n    coord: /^@@.*@@$/m,\n\n    /*\n     * Match a \"commit [SHA1]\" line in a git log output.\n     * For instance:\n     * $ git log\n     * commit a11a14ef7e26f2ca62d4b35eac455ce636d0dc09\n     * Author: lgiraudel\n     * Date:   Mon Feb 17 11:18:34 2014 +0100\n     *\n     *     Add of a new line\n     */\n    commit_sha1: /^commit \\w{40}$/m\n  };\n}\n\n/***/ })\n\n}]);","inputSourceMap":{"version":3,"sources":["/Users/destul/Desktop/cs-central/node_modules/refractor/lang/git.js"],"names":["module","exports","git","displayName","aliases","Prism","languages","comment","deleted","inserted","string","command","pattern","inside","parameter","coord","commit_sha1"],"mappings":";;;;;;AAAA;;AAEAA,MAAM,CAACC,OAAP,GAAiBC,GAAjB;AACAA,GAAG,CAACC,WAAJ,GAAkB,KAAlB;AACAD,GAAG,CAACE,OAAJ,GAAc,EAAd;;AACA,SAASF,GAAT,CAAaG,KAAb,EAAoB;AAClBA,OAAK,CAACC,SAAN,CAAgBJ,GAAhB,GAAsB;AACpB;AACJ;AACA;AACA;AACA;AACA;AACA;AACA;AACA;AACIK,WAAO,EAAE,OAVW;;AAWpB;AACJ;AACA;AACIC,WAAO,EAAE,UAdW;AAepBC,YAAQ,EAAE,QAfU;;AAgBpB;AACJ;AACA;AACIC,UAAM,EAAE,kCAnBY;;AAoBpB;AACJ;AACA;AACA;AACA;AACIC,WAAO,EAAE;AACPC,aAAO,EAAE,gBADF;AAEPC,YAAM,EAAE;AACN;AACR;AACA;AACA;AACA;AACA;AACQC,iBAAS,EAAE;AAPL;AAFD,KAzBW;;AAqCpB;AACJ;AACA;AACA;AACA;AACA;AACA;AACA;AACA;AACA;AACA;AACA;AACA;AACIC,SAAK,EAAE,WAlDa;;AAmDpB;AACJ;AACA;AACA;AACA;AACA;AACA;AACA;AACA;AACA;AACIC,eAAW,EAAE;AA7DO,GAAtB;AA+DD,C","file":"x","sourcesContent":["'use strict'\n\nmodule.exports = git\ngit.displayName = 'git'\ngit.aliases = []\nfunction git(Prism) {\n  Prism.languages.git = {\n    /*\n     * A simple one line comment like in a git status command\n     * For instance:\n     * $ git status\n     * # On branch infinite-scroll\n     * # Your branch and 'origin/sharedBranches/frontendTeam/infinite-scroll' have diverged,\n     * # and have 1 and 2 different commits each, respectively.\n     * nothing to commit (working directory clean)\n     */\n    comment: /^#.*/m,\n    /*\n     * Regexp to match the changed lines in a git diff output. Check the example below.\n     */\n    deleted: /^[-–].*/m,\n    inserted: /^\\+.*/m,\n    /*\n     * a string (double and simple quote)\n     */\n    string: /(\"|')(?:\\\\.|(?!\\1)[^\\\\\\r\\n])*\\1/m,\n    /*\n     * a git command. It starts with a random prompt finishing by a $, then \"git\" then some other parameters\n     * For instance:\n     * $ git add file.txt\n     */\n    command: {\n      pattern: /^.*\\$ git .*$/m,\n      inside: {\n        /*\n         * A git command can contain a parameter starting by a single or a double dash followed by a string\n         * For instance:\n         * $ git diff --cached\n         * $ git log -p\n         */\n        parameter: /\\s--?\\w+/m\n      }\n    },\n    /*\n     * Coordinates displayed in a git diff command\n     * For instance:\n     * $ git diff\n     * diff --git file.txt file.txt\n     * index 6214953..1d54a52 100644\n     * --- file.txt\n     * +++ file.txt\n     * @@ -1 +1,2 @@\n     * -Here's my tetx file\n     * +Here's my text file\n     * +And this is the second line\n     */\n    coord: /^@@.*@@$/m,\n    /*\n     * Match a \"commit [SHA1]\" line in a git log output.\n     * For instance:\n     * $ git log\n     * commit a11a14ef7e26f2ca62d4b35eac455ce636d0dc09\n     * Author: lgiraudel\n     * Date:   Mon Feb 17 11:18:34 2014 +0100\n     *\n     *     Add of a new line\n     */\n    commit_sha1: /^commit \\w{40}$/m\n  }\n}\n"]}}